------------------------------------------------------------
Timing Analyzer Summary
------------------------------------------------------------

Type  : Slow 1100mV 85C Model Setup 'clk_div:div25|clk25'
Slack : -8.122
TNS   : -227.563

Type  : Slow 1100mV 85C Model Setup 'ps2:ps2|Qreg'
Slack : -5.050
TNS   : -40.365

Type  : Slow 1100mV 85C Model Setup 'ps2:ps2|synch:s|Q1'
Slack : -4.239
TNS   : -330.932

Type  : Slow 1100mV 85C Model Setup 'clk'
Slack : -2.945
TNS   : -34.059

Type  : Slow 1100mV 85C Model Setup 'PS2Clk'
Slack : -2.180
TNS   : -32.553

Type  : Slow 1100mV 85C Model Hold 'clk'
Slack : 0.156
TNS   : 0.000

Type  : Slow 1100mV 85C Model Hold 'PS2Clk'
Slack : 0.219
TNS   : 0.000

Type  : Slow 1100mV 85C Model Hold 'ps2:ps2|synch:s|Q1'
Slack : 0.752
TNS   : 0.000

Type  : Slow 1100mV 85C Model Hold 'clk_div:div25|clk25'
Slack : 0.993
TNS   : 0.000

Type  : Slow 1100mV 85C Model Hold 'ps2:ps2|Qreg'
Slack : 2.831
TNS   : 0.000

Type  : Slow 1100mV 85C Model Minimum Pulse Width 'ps2:ps2|synch:s|Q1'
Slack : -0.724
TNS   : -196.742

Type  : Slow 1100mV 85C Model Minimum Pulse Width 'clk_div:div25|clk25'
Slack : -0.724
TNS   : -50.390

Type  : Slow 1100mV 85C Model Minimum Pulse Width 'PS2Clk'
Slack : -0.724
TNS   : -30.080

Type  : Slow 1100mV 85C Model Minimum Pulse Width 'clk'
Slack : -0.724
TNS   : -14.737

Type  : Slow 1100mV 85C Model Minimum Pulse Width 'ps2:ps2|Qreg'
Slack : -0.724
TNS   : -9.286

Type  : Slow 1100mV 0C Model Setup 'clk_div:div25|clk25'
Slack : -8.177
TNS   : -224.753

Type  : Slow 1100mV 0C Model Setup 'ps2:ps2|Qreg'
Slack : -4.984
TNS   : -39.857

Type  : Slow 1100mV 0C Model Setup 'ps2:ps2|synch:s|Q1'
Slack : -4.536
TNS   : -332.987

Type  : Slow 1100mV 0C Model Setup 'clk'
Slack : -2.673
TNS   : -31.065

Type  : Slow 1100mV 0C Model Setup 'PS2Clk'
Slack : -2.211
TNS   : -32.047

Type  : Slow 1100mV 0C Model Hold 'clk'
Slack : -0.233
TNS   : -0.233

Type  : Slow 1100mV 0C Model Hold 'PS2Clk'
Slack : 0.343
TNS   : 0.000

Type  : Slow 1100mV 0C Model Hold 'ps2:ps2|synch:s|Q1'
Slack : 0.800
TNS   : 0.000

Type  : Slow 1100mV 0C Model Hold 'clk_div:div25|clk25'
Slack : 0.967
TNS   : 0.000

Type  : Slow 1100mV 0C Model Hold 'ps2:ps2|Qreg'
Slack : 2.914
TNS   : 0.000

Type  : Slow 1100mV 0C Model Minimum Pulse Width 'ps2:ps2|synch:s|Q1'
Slack : -0.724
TNS   : -194.730

Type  : Slow 1100mV 0C Model Minimum Pulse Width 'clk_div:div25|clk25'
Slack : -0.724
TNS   : -50.072

Type  : Slow 1100mV 0C Model Minimum Pulse Width 'PS2Clk'
Slack : -0.724
TNS   : -29.519

Type  : Slow 1100mV 0C Model Minimum Pulse Width 'clk'
Slack : -0.724
TNS   : -14.786

Type  : Slow 1100mV 0C Model Minimum Pulse Width 'ps2:ps2|Qreg'
Slack : -0.724
TNS   : -8.862

Type  : Fast 1100mV 85C Model Setup 'clk_div:div25|clk25'
Slack : -3.305
TNS   : -88.736

Type  : Fast 1100mV 85C Model Setup 'clk'
Slack : -2.109
TNS   : -21.241

Type  : Fast 1100mV 85C Model Setup 'ps2:ps2|Qreg'
Slack : -1.874
TNS   : -14.257

Type  : Fast 1100mV 85C Model Setup 'ps2:ps2|synch:s|Q1'
Slack : -1.536
TNS   : -104.832

Type  : Fast 1100mV 85C Model Setup 'PS2Clk'
Slack : -0.296
TNS   : -2.263

Type  : Fast 1100mV 85C Model Hold 'PS2Clk'
Slack : 0.140
TNS   : 0.000

Type  : Fast 1100mV 85C Model Hold 'ps2:ps2|synch:s|Q1'
Slack : 0.189
TNS   : 0.000

Type  : Fast 1100mV 85C Model Hold 'clk'
Slack : 0.260
TNS   : 0.000

Type  : Fast 1100mV 85C Model Hold 'clk_div:div25|clk25'
Slack : 0.381
TNS   : 0.000

Type  : Fast 1100mV 85C Model Hold 'ps2:ps2|Qreg'
Slack : 1.450
TNS   : 0.000

Type  : Fast 1100mV 85C Model Minimum Pulse Width 'clk'
Slack : -0.384
TNS   : -2.110

Type  : Fast 1100mV 85C Model Minimum Pulse Width 'ps2:ps2|synch:s|Q1'
Slack : -0.137
TNS   : -5.077

Type  : Fast 1100mV 85C Model Minimum Pulse Width 'PS2Clk'
Slack : -0.063
TNS   : -1.323

Type  : Fast 1100mV 85C Model Minimum Pulse Width 'clk_div:div25|clk25'
Slack : 0.040
TNS   : 0.000

Type  : Fast 1100mV 85C Model Minimum Pulse Width 'ps2:ps2|Qreg'
Slack : 0.145
TNS   : 0.000

Type  : Fast 1100mV 0C Model Setup 'clk_div:div25|clk25'
Slack : -2.954
TNS   : -78.604

Type  : Fast 1100mV 0C Model Setup 'ps2:ps2|Qreg'
Slack : -1.762
TNS   : -13.613

Type  : Fast 1100mV 0C Model Setup 'clk'
Slack : -1.655
TNS   : -16.840

Type  : Fast 1100mV 0C Model Setup 'ps2:ps2|synch:s|Q1'
Slack : -1.477
TNS   : -88.523

Type  : Fast 1100mV 0C Model Setup 'PS2Clk'
Slack : -0.231
TNS   : -1.520

Type  : Fast 1100mV 0C Model Hold 'clk'
Slack : 0.029
TNS   : 0.000

Type  : Fast 1100mV 0C Model Hold 'PS2Clk'
Slack : 0.144
TNS   : 0.000

Type  : Fast 1100mV 0C Model Hold 'ps2:ps2|synch:s|Q1'
Slack : 0.186
TNS   : 0.000

Type  : Fast 1100mV 0C Model Hold 'clk_div:div25|clk25'
Slack : 0.337
TNS   : 0.000

Type  : Fast 1100mV 0C Model Hold 'ps2:ps2|Qreg'
Slack : 1.453
TNS   : 0.000

Type  : Fast 1100mV 0C Model Minimum Pulse Width 'clk'
Slack : -0.377
TNS   : -2.077

Type  : Fast 1100mV 0C Model Minimum Pulse Width 'PS2Clk'
Slack : -0.085
TNS   : -1.723

Type  : Fast 1100mV 0C Model Minimum Pulse Width 'ps2:ps2|synch:s|Q1'
Slack : -0.070
TNS   : -1.149

Type  : Fast 1100mV 0C Model Minimum Pulse Width 'clk_div:div25|clk25'
Slack : 0.065
TNS   : 0.000

Type  : Fast 1100mV 0C Model Minimum Pulse Width 'ps2:ps2|Qreg'
Slack : 0.133
TNS   : 0.000

------------------------------------------------------------
